Archive member included to satisfy reference by file (symbol)

c:/ac6/systemworkbench/plugins/fr.ac6.mcu.externaltools.arm-none.win32_1.15.0.201708311556/tools/compiler/bin/../lib/gcc/arm-none-eabi/6.3.1/thumb/v7e-m/fpv4-sp/hard\libgcc.a(_aeabi_uldivmod.o)
                              Drivers/STM32F4xx_HAL_Driver/Src/stm32f4xx_hal_rcc.o (__aeabi_uldivmod)
c:/ac6/systemworkbench/plugins/fr.ac6.mcu.externaltools.arm-none.win32_1.15.0.201708311556/tools/compiler/bin/../lib/gcc/arm-none-eabi/6.3.1/thumb/v7e-m/fpv4-sp/hard\libgcc.a(_udivmoddi4.o)
                              c:/ac6/systemworkbench/plugins/fr.ac6.mcu.externaltools.arm-none.win32_1.15.0.201708311556/tools/compiler/bin/../lib/gcc/arm-none-eabi/6.3.1/thumb/v7e-m/fpv4-sp/hard\libgcc.a(_aeabi_uldivmod.o) (__udivmoddi4)
c:/ac6/systemworkbench/plugins/fr.ac6.mcu.externaltools.arm-none.win32_1.15.0.201708311556/tools/compiler/bin/../lib/gcc/arm-none-eabi/6.3.1/thumb/v7e-m/fpv4-sp/hard\libgcc.a(_dvmd_tls.o)
                              c:/ac6/systemworkbench/plugins/fr.ac6.mcu.externaltools.arm-none.win32_1.15.0.201708311556/tools/compiler/bin/../lib/gcc/arm-none-eabi/6.3.1/thumb/v7e-m/fpv4-sp/hard\libgcc.a(_aeabi_uldivmod.o) (__aeabi_ldiv0)
c:/ac6/systemworkbench/plugins/fr.ac6.mcu.externaltools.arm-none.win32_1.15.0.201708311556/tools/compiler/bin/../lib/gcc/arm-none-eabi/6.3.1/../../../../arm-none-eabi/lib/thumb/v7e-m/fpv4-sp/hard\libc_nano.a(lib_a-exit.o)
                              c:/ac6/systemworkbench/plugins/fr.ac6.mcu.externaltools.arm-none.win32_1.15.0.201708311556/tools/compiler/bin/../lib/gcc/arm-none-eabi/6.3.1/../../../../arm-none-eabi/lib/thumb/v7e-m/fpv4-sp/hard/crt0.o (exit)
c:/ac6/systemworkbench/plugins/fr.ac6.mcu.externaltools.arm-none.win32_1.15.0.201708311556/tools/compiler/bin/../lib/gcc/arm-none-eabi/6.3.1/../../../../arm-none-eabi/lib/thumb/v7e-m/fpv4-sp/hard\libc_nano.a(lib_a-impure.o)
                              c:/ac6/systemworkbench/plugins/fr.ac6.mcu.externaltools.arm-none.win32_1.15.0.201708311556/tools/compiler/bin/../lib/gcc/arm-none-eabi/6.3.1/../../../../arm-none-eabi/lib/thumb/v7e-m/fpv4-sp/hard\libc_nano.a(lib_a-exit.o) (_global_impure_ptr)
c:/ac6/systemworkbench/plugins/fr.ac6.mcu.externaltools.arm-none.win32_1.15.0.201708311556/tools/compiler/bin/../lib/gcc/arm-none-eabi/6.3.1/../../../../arm-none-eabi/lib/thumb/v7e-m/fpv4-sp/hard\libc_nano.a(lib_a-init.o)
                              c:/ac6/systemworkbench/plugins/fr.ac6.mcu.externaltools.arm-none.win32_1.15.0.201708311556/tools/compiler/bin/../lib/gcc/arm-none-eabi/6.3.1/../../../../arm-none-eabi/lib/thumb/v7e-m/fpv4-sp/hard/crt0.o (__libc_init_array)
c:/ac6/systemworkbench/plugins/fr.ac6.mcu.externaltools.arm-none.win32_1.15.0.201708311556/tools/compiler/bin/../lib/gcc/arm-none-eabi/6.3.1/../../../../arm-none-eabi/lib/thumb/v7e-m/fpv4-sp/hard\libc_nano.a(lib_a-memset.o)
                              c:/ac6/systemworkbench/plugins/fr.ac6.mcu.externaltools.arm-none.win32_1.15.0.201708311556/tools/compiler/bin/../lib/gcc/arm-none-eabi/6.3.1/../../../../arm-none-eabi/lib/thumb/v7e-m/fpv4-sp/hard/crt0.o (memset)
c:/ac6/systemworkbench/plugins/fr.ac6.mcu.externaltools.arm-none.win32_1.15.0.201708311556/tools/compiler/bin/../lib/gcc/arm-none-eabi/6.3.1/../../../../arm-none-eabi/lib/thumb/v7e-m/fpv4-sp/hard\libc_nano.a(lib_a-strlen.o)
                              Src/main.o (strlen)
c:/ac6/systemworkbench/plugins/fr.ac6.mcu.externaltools.arm-none.win32_1.15.0.201708311556/tools/compiler/bin/../lib/gcc/arm-none-eabi/6.3.1/../../../../arm-none-eabi/lib/thumb/v7e-m/fpv4-sp/hard\libnosys.a(_exit.o)
                              c:/ac6/systemworkbench/plugins/fr.ac6.mcu.externaltools.arm-none.win32_1.15.0.201708311556/tools/compiler/bin/../lib/gcc/arm-none-eabi/6.3.1/../../../../arm-none-eabi/lib/thumb/v7e-m/fpv4-sp/hard\libc_nano.a(lib_a-exit.o) (_exit)

Allocating common symbols
Common symbol       size              file

hi2c1               0x54              Src/init/i2c.o
uwTick              0x4               Drivers/STM32F4xx_HAL_Driver/Src/stm32f4xx_hal.o
pFlash              0x20              Drivers/STM32F4xx_HAL_Driver/Src/stm32f4xx_hal_flash.o
hspi3               0x58              Src/init/spi.o
modeReg             0x2               Src/main.o
hspi1               0x58              Src/init/spi.o
huart2              0x40              Src/init/usart.o

Discarded input sections

 .text          0x00000000        0x0 c:/ac6/systemworkbench/plugins/fr.ac6.mcu.externaltools.arm-none.win32_1.15.0.201708311556/tools/compiler/bin/../lib/gcc/arm-none-eabi/6.3.1/thumb/v7e-m/fpv4-sp/hard/crti.o
 .data          0x00000000        0x0 c:/ac6/systemworkbench/plugins/fr.ac6.mcu.externaltools.arm-none.win32_1.15.0.201708311556/tools/compiler/bin/../lib/gcc/arm-none-eabi/6.3.1/thumb/v7e-m/fpv4-sp/hard/crti.o
[...]
Memory Configuration

Name             Origin             Length             Attributes
RAM              0x20000000         0x00020000         xrw
CCMRAM           0x10000000         0x00010000         rw
FLASH            0x08000000         0x00100000         xr
*default*        0x00000000         0xffffffff

Linker script and memory map

LOAD c:/ac6/systemworkbench/plugins/fr.ac6.mcu.externaltools.arm-none.win32_1.15.0.201708311556/tools/compiler/bin/../lib/gcc/arm-none-eabi/6.3.1/thumb/v7e-m/fpv4-sp/hard/crti.o
LOAD c:/ac6/systemworkbench/plugins/fr.ac6.mcu.externaltools.arm-none.win32_1.15.0.201708311556/tools/compiler/bin/../lib/gcc/arm-none-eabi/6.3.1/thumb/v7e-m/fpv4-sp/hard/crtbegin.o
LOAD c:/ac6/systemworkbench/plugins/fr.ac6.mcu.externaltools.arm-none.win32_1.15.0.201708311556/tools/compiler/bin/../lib/gcc/arm-none-eabi/6.3.1/../../../../arm-none-eabi/lib/thumb/v7e-m/fpv4-sp/hard/crt0.o
LOAD Drivers/STM32F4xx_HAL_Driver/Src/stm32f4xx_hal.o
LOAD Drivers/STM32F4xx_HAL_Driver/Src/stm32f4xx_hal_cortex.o
LOAD Drivers/STM32F4xx_HAL_Driver/Src/stm32f4xx_hal_dma.o
LOAD Drivers/STM32F4xx_HAL_Driver/Src/stm32f4xx_hal_dma_ex.o
LOAD Drivers/STM32F4xx_HAL_Driver/Src/stm32f4xx_hal_flash.o
LOAD Drivers/STM32F4xx_HAL_Driver/Src/stm32f4xx_hal_flash_ex.o
LOAD Drivers/STM32F4xx_HAL_Driver/Src/stm32f4xx_hal_flash_ramfunc.o
LOAD Drivers/STM32F4xx_HAL_Driver/Src/stm32f4xx_hal_gpio.o
LOAD Drivers/STM32F4xx_HAL_Driver/Src/stm32f4xx_hal_i2c.o
LOAD Drivers/STM32F4xx_HAL_Driver/Src/stm32f4xx_hal_i2c_ex.o
LOAD Drivers/STM32F4xx_HAL_Driver/Src/stm32f4xx_hal_pwr.o
LOAD Drivers/STM32F4xx_HAL_Driver/Src/stm32f4xx_hal_pwr_ex.o
LOAD Drivers/STM32F4xx_HAL_Driver/Src/stm32f4xx_hal_rcc.o
LOAD Drivers/STM32F4xx_HAL_Driver/Src/stm32f4xx_hal_rcc_ex.o
LOAD Drivers/STM32F4xx_HAL_Driver/Src/stm32f4xx_hal_spi.o
LOAD Drivers/STM32F4xx_HAL_Driver/Src/stm32f4xx_hal_tim.o
LOAD Drivers/STM32F4xx_HAL_Driver/Src/stm32f4xx_hal_tim_ex.o
LOAD Drivers/STM32F4xx_HAL_Driver/Src/stm32f4xx_hal_uart.o
LOAD Inc/init/ptadc.o
LOAD Src/init/gpio.o
LOAD Src/init/i2c.o
LOAD Src/init/spi.o
LOAD Src/init/stm32f4xx_hal_msp.o
LOAD Src/init/stm32f4xx_it.o
LOAD Src/init/system_stm32f4xx.o
LOAD Src/init/usart.o
LOAD Src/main.o
LOAD Src/ptadc.o
LOAD startup/startup_stm32f407xx.o
LOAD c:/ac6/systemworkbench/plugins/fr.ac6.mcu.externaltools.arm-none.win32_1.15.0.201708311556/tools/compiler/bin/../lib/gcc/arm-none-eabi/6.3.1/../../../../arm-none-eabi/lib/thumb/v7e-m/fpv4-sp/hard\libm.a
START GROUP
LOAD c:/ac6/systemworkbench/plugins/fr.ac6.mcu.externaltools.arm-none.win32_1.15.0.201708311556/tools/compiler/bin/../lib/gcc/arm-none-eabi/6.3.1/thumb/v7e-m/fpv4-sp/hard\libgcc.a
LOAD c:/ac6/systemworkbench/plugins/fr.ac6.mcu.externaltools.arm-none.win32_1.15.0.201708311556/tools/compiler/bin/../lib/gcc/arm-none-eabi/6.3.1/../../../../arm-none-eabi/lib/thumb/v7e-m/fpv4-sp/hard\libc_nano.a
END GROUP
START GROUP
LOAD c:/ac6/systemworkbench/plugins/fr.ac6.mcu.externaltools.arm-none.win32_1.15.0.201708311556/tools/compiler/bin/../lib/gcc/arm-none-eabi/6.3.1/thumb/v7e-m/fpv4-sp/hard\libgcc.a
LOAD c:/ac6/systemworkbench/plugins/fr.ac6.mcu.externaltools.arm-none.win32_1.15.0.201708311556/tools/compiler/bin/../lib/gcc/arm-none-eabi/6.3.1/../../../../arm-none-eabi/lib/thumb/v7e-m/fpv4-sp/hard\libc_nano.a
LOAD c:/ac6/systemworkbench/plugins/fr.ac6.mcu.externaltools.arm-none.win32_1.15.0.201708311556/tools/compiler/bin/../lib/gcc/arm-none-eabi/6.3.1/../../../../arm-none-eabi/lib/thumb/v7e-m/fpv4-sp/hard\libnosys.a
END GROUP
START GROUP
LOAD c:/ac6/systemworkbench/plugins/fr.ac6.mcu.externaltools.arm-none.win32_1.15.0.201708311556/tools/compiler/bin/../lib/gcc/arm-none-eabi/6.3.1/thumb/v7e-m/fpv4-sp/hard\libgcc.a
LOAD c:/ac6/systemworkbench/plugins/fr.ac6.mcu.externaltools.arm-none.win32_1.15.0.201708311556/tools/compiler/bin/../lib/gcc/arm-none-eabi/6.3.1/../../../../arm-none-eabi/lib/thumb/v7e-m/fpv4-sp/hard\libc_nano.a
LOAD c:/ac6/systemworkbench/plugins/fr.ac6.mcu.externaltools.arm-none.win32_1.15.0.201708311556/tools/compiler/bin/../lib/gcc/arm-none-eabi/6.3.1/../../../../arm-none-eabi/lib/thumb/v7e-m/fpv4-sp/hard\libnosys.a
END GROUP
LOAD c:/ac6/systemworkbench/plugins/fr.ac6.mcu.externaltools.arm-none.win32_1.15.0.201708311556/tools/compiler/bin/../lib/gcc/arm-none-eabi/6.3.1/thumb/v7e-m/fpv4-sp/hard/crtend.o
LOAD c:/ac6/systemworkbench/plugins/fr.ac6.mcu.externaltools.arm-none.win32_1.15.0.201708311556/tools/compiler/bin/../lib/gcc/arm-none-eabi/6.3.1/thumb/v7e-m/fpv4-sp/hard/crtn.o
                0x20020000                _estack = 0x20020000
                0x00000200                _Min_Heap_Size = 0x200
                0x00000400                _Min_Stack_Size = 0x400

.isr_vector     0x08000000      0x188
                0x08000000                . = ALIGN (0x4)
 *(.isr_vector)
 .isr_vector    0x08000000      0x188 startup/startup_stm32f407xx.o
                0x08000000                g_pfnVectors
                0x08000188                . = ALIGN (0x4)

.text           0x08000188     0x26bc
                0x08000188                . = ALIGN (0x4)
 *(.text)
 .text          0x08000188       0x6c c:/ac6/systemworkbench/plugins/fr.ac6.mcu.externaltools.arm-none.win32_1.15.0.201708311556/tools/compiler/bin/../lib/gcc/arm-none-eabi/6.3.1/thumb/v7e-m/fpv4-sp/hard/crtbegin.o
 .text          0x080001f4       0x30 c:/ac6/systemworkbench/plugins/fr.ac6.mcu.externaltools.arm-none.win32_1.15.0.201708311556/tools/compiler/bin/../lib/gcc/arm-none-eabi/6.3.1/thumb/v7e-m/fpv4-sp/hard\libgcc.a(_aeabi_uldivmod.o)
                0x080001f4                __aeabi_uldivmod
 .text          0x08000224      0x2dc c:/ac6/systemworkbench/plugins/fr.ac6.mcu.externaltools.arm-none.win32_1.15.0.201708311556/tools/compiler/bin/../lib/gcc/arm-none-eabi/6.3.1/thumb/v7e-m/fpv4-sp/hard\libgcc.a(_udivmoddi4.o)
                0x08000224                __udivmoddi4
 .text          0x08000500        0x4 c:/ac6/systemworkbench/plugins/fr.ac6.mcu.externaltools.arm-none.win32_1.15.0.201708311556/tools/compiler/bin/../lib/gcc/arm-none-eabi/6.3.1/thumb/v7e-m/fpv4-sp/hard\libgcc.a(_dvmd_tls.o)
                0x08000500                __aeabi_idiv0
                0x08000500                __aeabi_ldiv0
 .text          0x08000504       0x10 c:/ac6/systemworkbench/plugins/fr.ac6.mcu.externaltools.arm-none.win32_1.15.0.201708311556/tools/compiler/bin/../lib/gcc/arm-none-eabi/6.3.1/../../../../arm-none-eabi/lib/thumb/v7e-m/fpv4-sp/hard\libc_nano.a(lib_a-strlen.o)
                0x08000504                strlen
 *(.text*)
 .text.HAL_InitTick
                0x08000514       0x2c Drivers/STM32F4xx_HAL_Driver/Src/stm32f4xx_hal.o
                0x08000514                HAL_InitTick
 .text.HAL_Init
                0x08000540       0x34 Drivers/STM32F4xx_HAL_Driver/Src/stm32f4xx_hal.o
                0x08000540                HAL_Init
 .text.HAL_IncTick
                0x08000574       0x10 Drivers/STM32F4xx_HAL_Driver/Src/stm32f4xx_hal.o
                0x08000574                HAL_IncTick
 .text.HAL_GetTick
                0x08000584        0xc Drivers/STM32F4xx_HAL_Driver/Src/stm32f4xx_hal.o
                0x08000584                HAL_GetTick
 .text.HAL_Delay
                0x08000590       0x24 Drivers/STM32F4xx_HAL_Driver/Src/stm32f4xx_hal.o
                0x08000590                HAL_Delay
 .text.HAL_NVIC_SetPriorityGrouping
                0x080005b4       0x3c Drivers/STM32F4xx_HAL_Driver/Src/stm32f4xx_hal_cortex.o
                0x080005b4                HAL_NVIC_SetPriorityGrouping
 .text.HAL_NVIC_SetPriority
                0x080005f0       0x88 Drivers/STM32F4xx_HAL_Driver/Src/stm32f4xx_hal_cortex.o
                0x080005f0                HAL_NVIC_SetPriority
 .text.HAL_SYSTICK_Config
                0x08000678       0x2c Drivers/STM32F4xx_HAL_Driver/Src/stm32f4xx_hal_cortex.o
                0x08000678                HAL_SYSTICK_Config
 .text.HAL_SYSTICK_CLKSourceConfig
                0x080006a4       0x3c Drivers/STM32F4xx_HAL_Driver/Src/stm32f4xx_hal_cortex.o
                0x080006a4                HAL_SYSTICK_CLKSourceConfig
 .text.HAL_SYSTICK_Callback
                0x080006e0        0x2 Drivers/STM32F4xx_HAL_Driver/Src/stm32f4xx_hal_cortex.o
                0x080006e0                HAL_SYSTICK_Callback
 .text.HAL_SYSTICK_IRQHandler
                0x080006e2        0x8 Drivers/STM32F4xx_HAL_Driver/Src/stm32f4xx_hal_cortex.o
                0x080006e2                HAL_SYSTICK_IRQHandler
 *fill*         0x080006ea        0x2 
 .text.HAL_GPIO_Init
                0x080006ec      0x2f8 Drivers/STM32F4xx_HAL_Driver/Src/stm32f4xx_hal_gpio.o
                0x080006ec                HAL_GPIO_Init
 .text.HAL_GPIO_WritePin
                0x080009e4       0x34 Drivers/STM32F4xx_HAL_Driver/Src/stm32f4xx_hal_gpio.o
                0x080009e4                HAL_GPIO_WritePin
 .text.HAL_RCC_OscConfig
                0x08000a18      0x464 Drivers/STM32F4xx_HAL_Driver/Src/stm32f4xx_hal_rcc.o
                0x08000a18                HAL_RCC_OscConfig
 .text.HAL_RCC_GetSysClockFreq
                0x08000e7c       0xd4 Drivers/STM32F4xx_HAL_Driver/Src/stm32f4xx_hal_rcc.o
                0x08000e7c                HAL_RCC_GetSysClockFreq
 .text.HAL_RCC_ClockConfig
                0x08000f50      0x210 Drivers/STM32F4xx_HAL_Driver/Src/stm32f4xx_hal_rcc.o
                0x08000f50                HAL_RCC_ClockConfig
 .text.HAL_RCC_GetHCLKFreq
                0x08001160        0xc Drivers/STM32F4xx_HAL_Driver/Src/stm32f4xx_hal_rcc.o
                0x08001160                HAL_RCC_GetHCLKFreq
 .text.HAL_RCC_GetPCLK1Freq
                0x0800116c       0x20 Drivers/STM32F4xx_HAL_Driver/Src/stm32f4xx_hal_rcc.o
                0x0800116c                HAL_RCC_GetPCLK1Freq
 .text.HAL_RCC_GetPCLK2Freq
                0x0800118c       0x20 Drivers/STM32F4xx_HAL_Driver/Src/stm32f4xx_hal_rcc.o
                0x0800118c                HAL_RCC_GetPCLK2Freq
 .text.SPI_WaitFlagStateUntilTimeout
                0x080011ac       0x96 Drivers/STM32F4xx_HAL_Driver/Src/stm32f4xx_hal_spi.o
 .text.SPI_CheckFlag_BSY
                0x08001242       0x26 Drivers/STM32F4xx_HAL_Driver/Src/stm32f4xx_hal_spi.o
 .text.HAL_SPI_Init
                0x08001268      0x184 Drivers/STM32F4xx_HAL_Driver/Src/stm32f4xx_hal_spi.o
                0x08001268                HAL_SPI_Init
 .text.HAL_SPI_Transmit
                0x080013ec      0x1c4 Drivers/STM32F4xx_HAL_Driver/Src/stm32f4xx_hal_spi.o
                0x080013ec                HAL_SPI_Transmit
 .text.HAL_SPI_TransmitReceive
                0x080015b0      0x258 Drivers/STM32F4xx_HAL_Driver/Src/stm32f4xx_hal_spi.o
                0x080015b0                HAL_SPI_TransmitReceive
 .text.HAL_SPI_Receive
                0x08001808      0x16a Drivers/STM32F4xx_HAL_Driver/Src/stm32f4xx_hal_spi.o
                0x08001808                HAL_SPI_Receive
 *fill*         0x08001972        0x2 
 .text.UART_SetConfig
                0x08001974      0x3a8 Drivers/STM32F4xx_HAL_Driver/Src/stm32f4xx_hal_uart.o
 .text.UART_WaitOnFlagUntilTimeout
                0x08001d1c       0x64 Drivers/STM32F4xx_HAL_Driver/Src/stm32f4xx_hal_uart.o
 .text.HAL_UART_Init
                0x08001d80      0x120 Drivers/STM32F4xx_HAL_Driver/Src/stm32f4xx_hal_uart.o
                0x08001d80                HAL_UART_Init
 .text.HAL_UART_Transmit
                0x08001ea0       0xe2 Drivers/STM32F4xx_HAL_Driver/Src/stm32f4xx_hal_uart.o
                0x08001ea0                HAL_UART_Transmit
 *fill*         0x08001f82        0x2 
 .text.MX_GPIO_Init
                0x08001f84      0x100 Src/init/gpio.o
                0x08001f84                MX_GPIO_Init
 .text.MX_SPI1_Init
                0x08002084       0x74 Src/init/spi.o
                0x08002084                MX_SPI1_Init
 .text.HAL_SPI_MspInit
                0x080020f8      0x10c Src/init/spi.o
                0x080020f8                HAL_SPI_MspInit
 .text.HAL_MspInit
                0x08002204       0x62 Src/init/stm32f4xx_hal_msp.o
                0x08002204                HAL_MspInit
 .text.NMI_Handler
                0x08002266        0xe Src/init/stm32f4xx_it.o
                0x08002266                NMI_Handler
 .text.HardFault_Handler
                0x08002274        0x6 Src/init/stm32f4xx_it.o
                0x08002274                HardFault_Handler
 .text.MemManage_Handler
                0x0800227a        0x6 Src/init/stm32f4xx_it.o
                0x0800227a                MemManage_Handler
 .text.BusFault_Handler
                0x08002280        0x6 Src/init/stm32f4xx_it.o
                0x08002280                BusFault_Handler
 .text.UsageFault_Handler
                0x08002286        0x6 Src/init/stm32f4xx_it.o
                0x08002286                UsageFault_Handler
 .text.SVC_Handler
                0x0800228c        0xe Src/init/stm32f4xx_it.o
                0x0800228c                SVC_Handler
 .text.DebugMon_Handler
                0x0800229a        0xe Src/init/stm32f4xx_it.o
                0x0800229a                DebugMon_Handler
 .text.PendSV_Handler
                0x080022a8        0xe Src/init/stm32f4xx_it.o
                0x080022a8                PendSV_Handler
 .text.SysTick_Handler
                0x080022b6       0x10 Src/init/stm32f4xx_it.o
                0x080022b6                SysTick_Handler
 *fill*         0x080022c6        0x2 
 .text.SystemInit
                0x080022c8       0x6c Src/init/system_stm32f4xx.o
                0x080022c8                SystemInit
 .text.MX_USART2_UART_Init
                0x08002334       0x5c Src/init/usart.o
                0x08002334                MX_USART2_UART_Init
 .text.HAL_UART_MspInit
                0x08002390       0x80 Src/init/usart.o
                0x08002390                HAL_UART_MspInit
 .text.main     0x08002410       0x34 Src/main.o
                0x08002410                main
 .text.testADC  0x08002444       0x44 Src/main.o
                0x08002444                testADC
 .text.uartPrint
                0x08002488       0x30 Src/main.o
                0x08002488                uartPrint
 .text.uartPrintBinary8
                0x080024b8       0x70 Src/main.o
                0x080024b8                uartPrintBinary8
 .text.SystemClock_Config
                0x08002528       0xe8 Src/main.o
                0x08002528                SystemClock_Config
 .text._Error_Handler
                0x08002610        0xc Src/main.o
                0x08002610                _Error_Handler
 .text.assert_failed
                0x0800261c       0x16 Src/main.o
                0x0800261c                assert_failed
 *fill*         0x08002632        0x2 
 .text.PTADC_Init
                0x08002634       0x1c Src/ptadc.o
                0x08002634                PTADC_Init
 .text.PTADC_GetRawTempFromChannel
                0x08002650       0x44 Src/ptadc.o
                0x08002650                PTADC_GetRawTempFromChannel
 .text.PTADC_SetActiveChannel
                0x08002694       0x4c Src/ptadc.o
                0x08002694                PTADC_SetActiveChannel
 .text.PTADC_WriteConfReg
                0x080026e0       0x4c Src/ptadc.o
                0x080026e0                PTADC_WriteConfReg
 .text.PTADC_StartConversion
                0x0800272c       0x3c Src/ptadc.o
                0x0800272c                PTADC_StartConversion
 .text.PTADC_GetConversionResult
                0x08002768       0x28 Src/ptadc.o
                0x08002768                PTADC_GetConversionResult
 .text.Reset_Handler
                0x08002790       0x50 startup/startup_stm32f407xx.o
                0x08002790                Reset_Handler
 .text.Default_Handler
                0x080027e0        0x2 startup/startup_stm32f407xx.o
                0x080027e0                RTC_Alarm_IRQHandler
                0x080027e0                HASH_RNG_IRQHandler
                0x080027e0                EXTI2_IRQHandler
                0x080027e0                TIM8_CC_IRQHandler
                0x080027e0                TIM1_CC_IRQHandler
                0x080027e0                DMA2_Stream5_IRQHandler
                0x080027e0                DMA1_Stream5_IRQHandler
                0x080027e0                PVD_IRQHandler
                0x080027e0                SDIO_IRQHandler
                0x080027e0                TAMP_STAMP_IRQHandler
                0x080027e0                CAN2_RX1_IRQHandler
                0x080027e0                EXTI3_IRQHandler
                0x080027e0                TIM8_TRG_COM_TIM14_IRQHandler
                0x080027e0                TIM1_UP_TIM10_IRQHandler
                0x080027e0                TIM8_UP_TIM13_IRQHandler
                0x080027e0                I2C3_ER_IRQHandler
                0x080027e0                EXTI0_IRQHandler
                0x080027e0                I2C2_EV_IRQHandler
                0x080027e0                DMA1_Stream2_IRQHandler
                0x080027e0                CAN1_RX0_IRQHandler
                0x080027e0                FPU_IRQHandler
                0x080027e0                OTG_HS_WKUP_IRQHandler
                0x080027e0                CAN2_SCE_IRQHandler
                0x080027e0                DMA2_Stream2_IRQHandler
                0x080027e0                SPI1_IRQHandler
                0x080027e0                TIM6_DAC_IRQHandler
                0x080027e0                TIM1_BRK_TIM9_IRQHandler
                0x080027e0                DCMI_IRQHandler
                0x080027e0                CAN2_RX0_IRQHandler
                0x080027e0                DMA2_Stream3_IRQHandler
                0x080027e0                USART6_IRQHandler
                0x080027e0                USART3_IRQHandler
                0x080027e0                CAN1_RX1_IRQHandler
                0x080027e0                UART5_IRQHandler
                0x080027e0                DMA2_Stream0_IRQHandler
                0x080027e0                TIM4_IRQHandler
                0x080027e0                I2C1_EV_IRQHandler
                0x080027e0                DMA1_Stream6_IRQHandler
                0x080027e0                DMA1_Stream1_IRQHandler
                0x080027e0                UART4_IRQHandler
                0x080027e0                TIM3_IRQHandler
                0x080027e0                RCC_IRQHandler
                0x080027e0                TIM8_BRK_TIM12_IRQHandler
                0x080027e0                Default_Handler
                0x080027e0                EXTI15_10_IRQHandler
                0x080027e0                ADC_IRQHandler
                0x080027e0                DMA1_Stream7_IRQHandler
                0x080027e0                TIM7_IRQHandler
                0x080027e0                CAN2_TX_IRQHandler
                0x080027e0                TIM5_IRQHandler
                0x080027e0                DMA2_Stream7_IRQHandler
                0x080027e0                I2C3_EV_IRQHandler
                0x080027e0                EXTI9_5_IRQHandler
                0x080027e0                RTC_WKUP_IRQHandler
                0x080027e0                ETH_WKUP_IRQHandler
                0x080027e0                SPI2_IRQHandler
                0x080027e0                OTG_HS_EP1_IN_IRQHandler
                0x080027e0                DMA1_Stream0_IRQHandler
                0x080027e0                CAN1_TX_IRQHandler
                0x080027e0                EXTI4_IRQHandler
                0x080027e0                FSMC_IRQHandler
                0x080027e0                ETH_IRQHandler
                0x080027e0                OTG_HS_EP1_OUT_IRQHandler
                0x080027e0                WWDG_IRQHandler
                0x080027e0                TIM2_IRQHandler
                0x080027e0                OTG_FS_WKUP_IRQHandler
                0x080027e0                TIM1_TRG_COM_TIM11_IRQHandler
                0x080027e0                OTG_HS_IRQHandler
                0x080027e0                EXTI1_IRQHandler
                0x080027e0                USART2_IRQHandler
                0x080027e0                I2C2_ER_IRQHandler
                0x080027e0                DMA2_Stream1_IRQHandler
                0x080027e0                CAN1_SCE_IRQHandler
                0x080027e0                FLASH_IRQHandler
                0x080027e0                DMA2_Stream4_IRQHandler
                0x080027e0                USART1_IRQHandler
                0x080027e0                OTG_FS_IRQHandler
                0x080027e0                SPI3_IRQHandler
                0x080027e0                DMA1_Stream4_IRQHandler
                0x080027e0                I2C1_ER_IRQHandler
                0x080027e0                DMA2_Stream6_IRQHandler
                0x080027e0                DMA1_Stream3_IRQHandler
 *fill*         0x080027e2        0x2 
 .text.__libc_init_array
                0x080027e4       0x48 c:/ac6/systemworkbench/plugins/fr.ac6.mcu.externaltools.arm-none.win32_1.15.0.201708311556/tools/compiler/bin/../lib/gcc/arm-none-eabi/6.3.1/../../../../arm-none-eabi/lib/thumb/v7e-m/fpv4-sp/hard\libc_nano.a(lib_a-init.o)
                0x080027e4                __libc_init_array
 *(.glue_7)
 .glue_7        0x0800282c        0x0 linker stubs
 *(.glue_7t)
 .glue_7t       0x0800282c        0x0 linker stubs
 *(.eh_frame)
 .eh_frame      0x0800282c        0x0 c:/ac6/systemworkbench/plugins/fr.ac6.mcu.externaltools.arm-none.win32_1.15.0.201708311556/tools/compiler/bin/../lib/gcc/arm-none-eabi/6.3.1/thumb/v7e-m/fpv4-sp/hard/crtbegin.o
 *(.init)
 .init          0x0800282c        0x4 c:/ac6/systemworkbench/plugins/fr.ac6.mcu.externaltools.arm-none.win32_1.15.0.201708311556/tools/compiler/bin/../lib/gcc/arm-none-eabi/6.3.1/thumb/v7e-m/fpv4-sp/hard/crti.o
                0x0800282c                _init
 .init          0x08002830        0x8 c:/ac6/systemworkbench/plugins/fr.ac6.mcu.externaltools.arm-none.win32_1.15.0.201708311556/tools/compiler/bin/../lib/gcc/arm-none-eabi/6.3.1/thumb/v7e-m/fpv4-sp/hard/crtn.o
 *(.fini)
 .fini          0x08002838        0x4 c:/ac6/systemworkbench/plugins/fr.ac6.mcu.externaltools.arm-none.win32_1.15.0.201708311556/tools/compiler/bin/../lib/gcc/arm-none-eabi/6.3.1/thumb/v7e-m/fpv4-sp/hard/crti.o
                0x08002838                _fini
 .fini          0x0800283c        0x8 c:/ac6/systemworkbench/plugins/fr.ac6.mcu.externaltools.arm-none.win32_1.15.0.201708311556/tools/compiler/bin/../lib/gcc/arm-none-eabi/6.3.1/thumb/v7e-m/fpv4-sp/hard/crtn.o
                0x08002844                . = ALIGN (0x4)
                0x08002844                _etext = .

.vfp11_veneer   0x08002844        0x0
 .vfp11_veneer  0x08002844        0x0 linker stubs

.v4_bx          0x08002844        0x0
 .v4_bx         0x08002844        0x0 linker stubs

.iplt           0x08002844        0x0
 .iplt          0x08002844        0x0 c:/ac6/systemworkbench/plugins/fr.ac6.mcu.externaltools.arm-none.win32_1.15.0.201708311556/tools/compiler/bin/../lib/gcc/arm-none-eabi/6.3.1/thumb/v7e-m/fpv4-sp/hard/crtbegin.o

.rodata         0x08002844      0x1b0
                0x08002844                . = ALIGN (0x4)
 *(.rodata)
 .rodata        0x08002844       0x12 Src/init/spi.o
 *fill*         0x08002856        0x2 
 .rodata        0x08002858       0x18 Src/init/system_stm32f4xx.o
                0x08002858                AHBPrescTable
                0x08002868                APBPrescTable
 .rodata        0x08002870       0x14 Src/init/usart.o
 .rodata        0x08002884       0x46 Src/main.o
 .rodata        0x080028ca        0x3 Src/ptadc.o
                0x080028ca                READ_DATA_REG
                0x080028cb                WRITE_CONF_REG
                0x080028cc                WRITE_MODE_REG
 *(.rodata*)
 *fill*         0x080028cd        0x3 
 .rodata.str1.4
                0x080028d0       0x3b Drivers/STM32F4xx_HAL_Driver/Src/stm32f4xx_hal_cortex.o
 *fill*         0x0800290b        0x1 
 .rodata.str1.4
                0x0800290c       0x39 Drivers/STM32F4xx_HAL_Driver/Src/stm32f4xx_hal_gpio.o
 *fill*         0x08002945        0x3 
 .rodata.str1.4
                0x08002948       0x38 Drivers/STM32F4xx_HAL_Driver/Src/stm32f4xx_hal_rcc.o
 .rodata.str1.4
                0x08002980       0x38 Drivers/STM32F4xx_HAL_Driver/Src/stm32f4xx_hal_spi.o
 .rodata.str1.4
                0x080029b8       0x3c Drivers/STM32F4xx_HAL_Driver/Src/stm32f4xx_hal_uart.o
                                 0x39 (size before relaxing)
                0x080029f4                . = ALIGN (0x4)

.ARM.extab
 *(.ARM.extab* .gnu.linkonce.armextab.*)

.ARM            0x080029f4        0x8
                0x080029f4                __exidx_start = .
 *(.ARM.exidx*)
 .ARM.exidx     0x080029f4        0x8 c:/ac6/systemworkbench/plugins/fr.ac6.mcu.externaltools.arm-none.win32_1.15.0.201708311556/tools/compiler/bin/../lib/gcc/arm-none-eabi/6.3.1/thumb/v7e-m/fpv4-sp/hard\libgcc.a(_udivmoddi4.o)
                0x080029fc                __exidx_end = .

.rel.dyn        0x080029fc        0x0
 .rel.iplt      0x080029fc        0x0 c:/ac6/systemworkbench/plugins/fr.ac6.mcu.externaltools.arm-none.win32_1.15.0.201708311556/tools/compiler/bin/../lib/gcc/arm-none-eabi/6.3.1/thumb/v7e-m/fpv4-sp/hard/crtbegin.o

.preinit_array  0x080029fc        0x0
                0x080029fc                PROVIDE (__preinit_array_start, .)
 *(.preinit_array*)
                0x080029fc                PROVIDE (__preinit_array_end, .)

.init_array     0x080029fc        0x4
                0x080029fc                PROVIDE (__init_array_start, .)
 *(SORT(.init_array.*))
 *(.init_array*)
 .init_array    0x080029fc        0x4 c:/ac6/systemworkbench/plugins/fr.ac6.mcu.externaltools.arm-none.win32_1.15.0.201708311556/tools/compiler/bin/../lib/gcc/arm-none-eabi/6.3.1/thumb/v7e-m/fpv4-sp/hard/crtbegin.o
                0x08002a00                PROVIDE (__init_array_end, .)

.fini_array     0x08002a00        0x4
                [!provide]                PROVIDE (__fini_array_start, .)
 *(SORT(.fini_array.*))
 *(.fini_array*)
 .fini_array    0x08002a00        0x4 c:/ac6/systemworkbench/plugins/fr.ac6.mcu.externaltools.arm-none.win32_1.15.0.201708311556/tools/compiler/bin/../lib/gcc/arm-none-eabi/6.3.1/thumb/v7e-m/fpv4-sp/hard/crtbegin.o
                [!provide]                PROVIDE (__fini_array_end, .)
                0x08002a04                _sidata = LOADADDR (.data)

.data           0x20000000        0x4 load address 0x08002a04
                0x20000000                . = ALIGN (0x4)
                0x20000000                _sdata = .
 *(.data)
 .data          0x20000000        0x4 Src/init/system_stm32f4xx.o
                0x20000000                SystemCoreClock
 *(.data*)
                0x20000004                . = ALIGN (0x4)
                0x20000004                _edata = .
                0x08002a08                _siccmram = LOADADDR (.ccmram)

.jcr            0x20000004        0x0 load address 0x08002a08
 .jcr           0x20000004        0x0 c:/ac6/systemworkbench/plugins/fr.ac6.mcu.externaltools.arm-none.win32_1.15.0.201708311556/tools/compiler/bin/../lib/gcc/arm-none-eabi/6.3.1/thumb/v7e-m/fpv4-sp/hard/crtbegin.o

.igot.plt       0x20000004        0x0 load address 0x08002a08
 .igot.plt      0x20000004        0x0 c:/ac6/systemworkbench/plugins/fr.ac6.mcu.externaltools.arm-none.win32_1.15.0.201708311556/tools/compiler/bin/../lib/gcc/arm-none-eabi/6.3.1/thumb/v7e-m/fpv4-sp/hard/crtbegin.o

.ccmram         0x10000000        0x0 load address 0x08002a08
                0x10000000                . = ALIGN (0x4)
                0x10000000                _sccmram = .
 *(.ccmram)
 *(.ccmram*)
                0x10000000                . = ALIGN (0x4)
                0x10000000                _eccmram = .
                0x10000000                . = ALIGN (0x4)

.bss            0x20000004      0x114
                0x20000004                _sbss = .
                0x20000004                __bss_start__ = _sbss
 *(.bss)
 .bss           0x20000004       0x1c c:/ac6/systemworkbench/plugins/fr.ac6.mcu.externaltools.arm-none.win32_1.15.0.201708311556/tools/compiler/bin/../lib/gcc/arm-none-eabi/6.3.1/thumb/v7e-m/fpv4-sp/hard/crtbegin.o
 *(.bss*)
 *(COMMON)
 COMMON         0x20000020        0x4 Drivers/STM32F4xx_HAL_Driver/Src/stm32f4xx_hal.o
                0x20000020                uwTick
 COMMON         0x20000024       0xb0 Src/init/spi.o
                0x20000024                hspi3
                0x2000007c                hspi1
 COMMON         0x200000d4       0x40 Src/init/usart.o
                0x200000d4                huart2
 COMMON         0x20000114        0x2 Src/main.o
                0x20000114                modeReg
                0x20000118                . = ALIGN (0x4)
 *fill*         0x20000116        0x2 
                0x20000118                _ebss = .
                0x20000118                __bss_end__ = _ebss

._user_heap_stack
                0x20000118      0x600
                0x20000118                . = ALIGN (0x8)
                [!provide]                PROVIDE (end, .)
                [!provide]                PROVIDE (_end, .)
                0x20000318                . = (. + _Min_Heap_Size)
 *fill*         0x20000118      0x200 
                0x20000718                . = (. + _Min_Stack_Size)
 *fill*         0x20000318      0x400 
                0x20000718                . = ALIGN (0x8)

/DISCARD/
 libc.a(*)
 libm.a(*)
 libgcc.a(*)

.ARM.attributes
                0x00000000       0x30
 *(.ARM.attributes)
 .ARM.attributes
                0x00000000       0x22 c:/ac6/systemworkbench/plugins/fr.ac6.mcu.externaltools.arm-none.win32_1.15.0.201708311556/tools/compiler/bin/../lib/gcc/arm-none-eabi/6.3.1/thumb/v7e-m/fpv4-sp/hard/crti.o
 .ARM.attributes
                0x00000022       0x34 c:/ac6/systemworkbench/plugins/fr.ac6.mcu.externaltools.arm-none.win32_1.15.0.201708311556/tools/compiler/bin/../lib/gcc/arm-none-eabi/6.3.1/thumb/v7e-m/fpv4-sp/hard/crtbegin.o
 .ARM.attributes
                0x00000056       0x39 Drivers/STM32F4xx_HAL_Driver/Src/stm32f4xx_hal.o
 .ARM.attributes
                0x0000008f       0x39 Drivers/STM32F4xx_HAL_Driver/Src/stm32f4xx_hal_cortex.o
 .ARM.attributes
                0x000000c8       0x39 Drivers/STM32F4xx_HAL_Driver/Src/stm32f4xx_hal_gpio.o
 .ARM.attributes
                0x00000101       0x39 Drivers/STM32F4xx_HAL_Driver/Src/stm32f4xx_hal_rcc.o
 .ARM.attributes
                0x0000013a       0x39 Drivers/STM32F4xx_HAL_Driver/Src/stm32f4xx_hal_spi.o
 .ARM.attributes
                0x00000173       0x39 Drivers/STM32F4xx_HAL_Driver/Src/stm32f4xx_hal_uart.o
 .ARM.attributes
                0x000001ac       0x39 Src/init/gpio.o
 .ARM.attributes
                0x000001e5       0x39 Src/init/spi.o
 .ARM.attributes
                0x0000021e       0x39 Src/init/stm32f4xx_hal_msp.o
 .ARM.attributes
                0x00000257       0x39 Src/init/stm32f4xx_it.o
 .ARM.attributes
                0x00000290       0x39 Src/init/system_stm32f4xx.o
 .ARM.attributes
                0x000002c9       0x39 Src/init/usart.o
 .ARM.attributes
                0x00000302       0x39 Src/main.o
 .ARM.attributes
                0x0000033b       0x39 Src/ptadc.o
 .ARM.attributes
                0x00000374       0x21 startup/startup_stm32f407xx.o
 .ARM.attributes
                0x00000395       0x22 c:/ac6/systemworkbench/plugins/fr.ac6.mcu.externaltools.arm-none.win32_1.15.0.201708311556/tools/compiler/bin/../lib/gcc/arm-none-eabi/6.3.1/thumb/v7e-m/fpv4-sp/hard\libgcc.a(_aeabi_uldivmod.o)
 .ARM.attributes
                0x000003b7       0x34 c:/ac6/systemworkbench/plugins/fr.ac6.mcu.externaltools.arm-none.win32_1.15.0.201708311556/tools/compiler/bin/../lib/gcc/arm-none-eabi/6.3.1/thumb/v7e-m/fpv4-sp/hard\libgcc.a(_udivmoddi4.o)
 .ARM.attributes
                0x000003eb       0x22 c:/ac6/systemworkbench/plugins/fr.ac6.mcu.externaltools.arm-none.win32_1.15.0.201708311556/tools/compiler/bin/../lib/gcc/arm-none-eabi/6.3.1/thumb/v7e-m/fpv4-sp/hard\libgcc.a(_dvmd_tls.o)
 .ARM.attributes
                0x0000040d       0x34 c:/ac6/systemworkbench/plugins/fr.ac6.mcu.externaltools.arm-none.win32_1.15.0.201708311556/tools/compiler/bin/../lib/gcc/arm-none-eabi/6.3.1/../../../../arm-none-eabi/lib/thumb/v7e-m/fpv4-sp/hard\libc_nano.a(lib_a-init.o)
 .ARM.attributes
                0x00000441       0x1b c:/ac6/systemworkbench/plugins/fr.ac6.mcu.externaltools.arm-none.win32_1.15.0.201708311556/tools/compiler/bin/../lib/gcc/arm-none-eabi/6.3.1/../../../../arm-none-eabi/lib/thumb/v7e-m/fpv4-sp/hard\libc_nano.a(lib_a-strlen.o)
 .ARM.attributes
                0x0000045c       0x22 c:/ac6/systemworkbench/plugins/fr.ac6.mcu.externaltools.arm-none.win32_1.15.0.201708311556/tools/compiler/bin/../lib/gcc/arm-none-eabi/6.3.1/thumb/v7e-m/fpv4-sp/hard/crtn.o
OUTPUT(CAMREON-Test.elf elf32-littlearm)

.debug_info     0x00000000    0x1142d
 .debug_info    0x00000000     0x1114 Drivers/STM32F4xx_HAL_Driver/Src/stm32f4xx_hal.o
 .debug_info    0x00001114     0x19eb Drivers/STM32F4xx_HAL_Driver/Src/stm32f4xx_hal_cortex.o
 .debug_info    0x00002aff     0x10ff Drivers/STM32F4xx_HAL_Driver/Src/stm32f4xx_hal_gpio.o
 .debug_info    0x00003bfe     0x14d4 Drivers/STM32F4xx_HAL_Driver/Src/stm32f4xx_hal_rcc.o
 .debug_info    0x000050d2     0x240a Drivers/STM32F4xx_HAL_Driver/Src/stm32f4xx_hal_spi.o
 .debug_info    0x000074dc     0x2207 Drivers/STM32F4xx_HAL_Driver/Src/stm32f4xx_hal_uart.o
 .debug_info    0x000096e3      0xc62 Src/init/gpio.o
 .debug_info    0x0000a345     0x11c3 Src/init/spi.o
 .debug_info    0x0000b508      0xb73 Src/init/stm32f4xx_hal_msp.o
 .debug_info    0x0000c07b      0x9d8 Src/init/stm32f4xx_it.o
 .debug_info    0x0000ca53      0xd27 Src/init/system_stm32f4xx.o
 .debug_info    0x0000d77a     0x1113 Src/init/usart.o
 .debug_info    0x0000e88d     0x1ac1 Src/main.o
 .debug_info    0x0001034e     0x105d Src/ptadc.o
 .debug_info    0x000113ab       0x82 startup/startup_stm32f407xx.o

.debug_abbrev   0x00000000     0x243c
 .debug_abbrev  0x00000000      0x2ef Drivers/STM32F4xx_HAL_Driver/Src/stm32f4xx_hal.o
 .debug_abbrev  0x000002ef      0x3ec Drivers/STM32F4xx_HAL_Driver/Src/stm32f4xx_hal_cortex.o
 .debug_abbrev  0x000006db      0x2d9 Drivers/STM32F4xx_HAL_Driver/Src/stm32f4xx_hal_gpio.o
 .debug_abbrev  0x000009b4      0x336 Drivers/STM32F4xx_HAL_Driver/Src/stm32f4xx_hal_rcc.o
 .debug_abbrev  0x00000cea      0x2ed Drivers/STM32F4xx_HAL_Driver/Src/stm32f4xx_hal_spi.o
 .debug_abbrev  0x00000fd7      0x33f Drivers/STM32F4xx_HAL_Driver/Src/stm32f4xx_hal_uart.o
 .debug_abbrev  0x00001316      0x1f8 Src/init/gpio.o
 .debug_abbrev  0x0000150e      0x22e Src/init/spi.o
 .debug_abbrev  0x0000173c      0x1cf Src/init/stm32f4xx_hal_msp.o
 .debug_abbrev  0x0000190b      0x1c6 Src/init/stm32f4xx_it.o
 .debug_abbrev  0x00001ad1      0x202 Src/init/system_stm32f4xx.o
 .debug_abbrev  0x00001cd3      0x22e Src/init/usart.o
 .debug_abbrev  0x00001f01      0x2bf Src/main.o
 .debug_abbrev  0x000021c0      0x26a Src/ptadc.o
 .debug_abbrev  0x0000242a       0x12 startup/startup_stm32f407xx.o

.debug_loc      0x00000000     0x3c6a
 .debug_loc     0x00000000       0x69 Drivers/STM32F4xx_HAL_Driver/Src/stm32f4xx_hal.o
 .debug_loc     0x00000069      0x75c Drivers/STM32F4xx_HAL_Driver/Src/stm32f4xx_hal_cortex.o
 .debug_loc     0x000007c5      0x572 Drivers/STM32F4xx_HAL_Driver/Src/stm32f4xx_hal_gpio.o
 .debug_loc     0x00000d37      0x365 Drivers/STM32F4xx_HAL_Driver/Src/stm32f4xx_hal_rcc.o
 .debug_loc     0x0000109c     0x16ee Drivers/STM32F4xx_HAL_Driver/Src/stm32f4xx_hal_spi.o
 .debug_loc     0x0000278a     0x14e0 Drivers/STM32F4xx_HAL_Driver/Src/stm32f4xx_hal_uart.o

.debug_aranges  0x00000000      0x7f8
 .debug_aranges
                0x00000000       0xc8 Drivers/STM32F4xx_HAL_Driver/Src/stm32f4xx_hal.o
 .debug_aranges
                0x000000c8       0xa8 Drivers/STM32F4xx_HAL_Driver/Src/stm32f4xx_hal_cortex.o
 .debug_aranges
                0x00000170       0x58 Drivers/STM32F4xx_HAL_Driver/Src/stm32f4xx_hal_gpio.o
 .debug_aranges
                0x000001c8       0x88 Drivers/STM32F4xx_HAL_Driver/Src/stm32f4xx_hal_rcc.o
 .debug_aranges
                0x00000250      0x1c8 Drivers/STM32F4xx_HAL_Driver/Src/stm32f4xx_hal_spi.o
 .debug_aranges
                0x00000418      0x1d0 Drivers/STM32F4xx_HAL_Driver/Src/stm32f4xx_hal_uart.o
 .debug_aranges
                0x000005e8       0x20 Src/init/gpio.o
 .debug_aranges
                0x00000608       0x38 Src/init/spi.o
 .debug_aranges
                0x00000640       0x20 Src/init/stm32f4xx_hal_msp.o
 .debug_aranges
                0x00000660       0x60 Src/init/stm32f4xx_it.o
 .debug_aranges
                0x000006c0       0x28 Src/init/system_stm32f4xx.o
 .debug_aranges
                0x000006e8       0x30 Src/init/usart.o
 .debug_aranges
                0x00000718       0x60 Src/main.o
 .debug_aranges
                0x00000778       0x58 Src/ptadc.o
 .debug_aranges
                0x000007d0       0x28 startup/startup_stm32f407xx.o

.debug_ranges   0x00000000      0x770
 .debug_ranges  0x00000000       0xb8 Drivers/STM32F4xx_HAL_Driver/Src/stm32f4xx_hal.o
 .debug_ranges  0x000000b8       0xf8 Drivers/STM32F4xx_HAL_Driver/Src/stm32f4xx_hal_cortex.o
 .debug_ranges  0x000001b0       0x48 Drivers/STM32F4xx_HAL_Driver/Src/stm32f4xx_hal_gpio.o
 .debug_ranges  0x000001f8       0x78 Drivers/STM32F4xx_HAL_Driver/Src/stm32f4xx_hal_rcc.o
 .debug_ranges  0x00000270      0x1b8 Drivers/STM32F4xx_HAL_Driver/Src/stm32f4xx_hal_spi.o
 .debug_ranges  0x00000428      0x1c0 Drivers/STM32F4xx_HAL_Driver/Src/stm32f4xx_hal_uart.o
 .debug_ranges  0x000005e8       0x10 Src/init/gpio.o
 .debug_ranges  0x000005f8       0x28 Src/init/spi.o
 .debug_ranges  0x00000620       0x10 Src/init/stm32f4xx_hal_msp.o
 .debug_ranges  0x00000630       0x50 Src/init/stm32f4xx_it.o
 .debug_ranges  0x00000680       0x18 Src/init/system_stm32f4xx.o
 .debug_ranges  0x00000698       0x20 Src/init/usart.o
 .debug_ranges  0x000006b8       0x50 Src/main.o
 .debug_ranges  0x00000708       0x48 Src/ptadc.o
 .debug_ranges  0x00000750       0x20 startup/startup_stm32f407xx.o

.debug_line     0x00000000     0x5b53
 .debug_line    0x00000000      0x54d Drivers/STM32F4xx_HAL_Driver/Src/stm32f4xx_hal.o
 .debug_line    0x0000054d      0x6d2 Drivers/STM32F4xx_HAL_Driver/Src/stm32f4xx_hal_cortex.o
 .debug_line    0x00000c1f      0x6cd Drivers/STM32F4xx_HAL_Driver/Src/stm32f4xx_hal_gpio.o
 .debug_line    0x000012ec      0x7f6 Drivers/STM32F4xx_HAL_Driver/Src/stm32f4xx_hal_rcc.o
 .debug_line    0x00001ae2      0xf17 Drivers/STM32F4xx_HAL_Driver/Src/stm32f4xx_hal_spi.o
 .debug_line    0x000029f9      0xf2b Drivers/STM32F4xx_HAL_Driver/Src/stm32f4xx_hal_uart.o
 .debug_line    0x00003924      0x39f Src/init/gpio.o
 .debug_line    0x00003cc3      0x484 Src/init/spi.o
 .debug_line    0x00004147      0x323 Src/init/stm32f4xx_hal_msp.o
 .debug_line    0x0000446a      0x39f Src/init/stm32f4xx_it.o
 .debug_line    0x00004809      0x349 Src/init/system_stm32f4xx.o
 .debug_line    0x00004b52      0x448 Src/init/usart.o
 .debug_line    0x00004f9a      0x65b Src/main.o
 .debug_line    0x000055f5      0x4df Src/ptadc.o
 .debug_line    0x00005ad4       0x7f startup/startup_stm32f407xx.o

.debug_str      0x00000000     0x2cc8
 .debug_str     0x00000000      0xe4b Drivers/STM32F4xx_HAL_Driver/Src/stm32f4xx_hal.o
                                0xecc (size before relaxing)
 .debug_str     0x00000e4b      0x3e3 Drivers/STM32F4xx_HAL_Driver/Src/stm32f4xx_hal_cortex.o
                               0x107b (size before relaxing)
 .debug_str     0x0000122e      0x1cd Drivers/STM32F4xx_HAL_Driver/Src/stm32f4xx_hal_gpio.o
                                0x93d (size before relaxing)
 .debug_str     0x000013fb      0x2d0 Drivers/STM32F4xx_HAL_Driver/Src/stm32f4xx_hal_rcc.o
                                0xaf7 (size before relaxing)
 .debug_str     0x000016cb      0x8fd Drivers/STM32F4xx_HAL_Driver/Src/stm32f4xx_hal_spi.o
                                0xfc7 (size before relaxing)
 .debug_str     0x00001fc8      0x686 Drivers/STM32F4xx_HAL_Driver/Src/stm32f4xx_hal_uart.o
                               0x103f (size before relaxing)
 .debug_str     0x0000264e       0xe5 Src/init/gpio.o
                                0x7ad (size before relaxing)
 .debug_str     0x00002733       0x42 Src/init/spi.o
                                0xc0a (size before relaxing)
 .debug_str     0x00002775       0x20 Src/init/stm32f4xx_hal_msp.o
                                0xb07 (size before relaxing)
 .debug_str     0x00002795       0xab Src/init/stm32f4xx_it.o
                                0x698 (size before relaxing)
 .debug_str     0x00002840       0x4a Src/init/system_stm32f4xx.o
                                0x798 (size before relaxing)
 .debug_str     0x0000288a       0x3a Src/init/usart.o
                                0xbd7 (size before relaxing)
 .debug_str     0x000028c4      0x2f8 Src/main.o
                               0x1631 (size before relaxing)
 .debug_str     0x00002bbc      0x10c Src/ptadc.o
                                0xb8a (size before relaxing)

.comment        0x00000000       0x7f
 .comment       0x00000000       0x7f Drivers/STM32F4xx_HAL_Driver/Src/stm32f4xx_hal.o
                                 0x80 (size before relaxing)
 .comment       0x0000007f       0x80 Drivers/STM32F4xx_HAL_Driver/Src/stm32f4xx_hal_cortex.o
 .comment       0x0000007f       0x80 Drivers/STM32F4xx_HAL_Driver/Src/stm32f4xx_hal_gpio.o
 .comment       0x0000007f       0x80 Drivers/STM32F4xx_HAL_Driver/Src/stm32f4xx_hal_rcc.o
 .comment       0x0000007f       0x80 Drivers/STM32F4xx_HAL_Driver/Src/stm32f4xx_hal_spi.o
 .comment       0x0000007f       0x80 Drivers/STM32F4xx_HAL_Driver/Src/stm32f4xx_hal_uart.o
 .comment       0x0000007f       0x80 Src/init/gpio.o
 .comment       0x0000007f       0x80 Src/init/spi.o
 .comment       0x0000007f       0x80 Src/init/stm32f4xx_hal_msp.o
 .comment       0x0000007f       0x80 Src/init/stm32f4xx_it.o
 .comment       0x0000007f       0x80 Src/init/system_stm32f4xx.o
 .comment       0x0000007f       0x80 Src/init/usart.o
 .comment       0x0000007f       0x80 Src/main.o
 .comment       0x0000007f       0x80 Src/ptadc.o

.debug_frame    0x00000000     0x15dc
 .debug_frame   0x00000000      0x198 Drivers/STM32F4xx_HAL_Driver/Src/stm32f4xx_hal.o
 .debug_frame   0x00000198      0x19c Drivers/STM32F4xx_HAL_Driver/Src/stm32f4xx_hal_cortex.o
 .debug_frame   0x00000334       0xfc Drivers/STM32F4xx_HAL_Driver/Src/stm32f4xx_hal_gpio.o
 .debug_frame   0x00000430      0x174 Drivers/STM32F4xx_HAL_Driver/Src/stm32f4xx_hal_rcc.o
 .debug_frame   0x000005a4      0x570 Drivers/STM32F4xx_HAL_Driver/Src/stm32f4xx_hal_spi.o
 .debug_frame   0x00000b14      0x508 Drivers/STM32F4xx_HAL_Driver/Src/stm32f4xx_hal_uart.o
 .debug_frame   0x0000101c       0x34 Src/init/gpio.o
 .debug_frame   0x00001050       0x90 Src/init/spi.o
 .debug_frame   0x000010e0       0x2c Src/init/stm32f4xx_hal_msp.o
 .debug_frame   0x0000110c      0x10c Src/init/stm32f4xx_it.o
 .debug_frame   0x00001218       0x58 Src/init/system_stm32f4xx.o
 .debug_frame   0x00001270       0x74 Src/init/usart.o
 .debug_frame   0x000012e4      0x140 Src/main.o
 .debug_frame   0x00001424      0x12c Src/ptadc.o
 .debug_frame   0x00001550       0x2c c:/ac6/systemworkbench/plugins/fr.ac6.mcu.externaltools.arm-none.win32_1.15.0.201708311556/tools/compiler/bin/../lib/gcc/arm-none-eabi/6.3.1/thumb/v7e-m/fpv4-sp/hard\libgcc.a(_aeabi_uldivmod.o)
 .debug_frame   0x0000157c       0x34 c:/ac6/systemworkbench/plugins/fr.ac6.mcu.externaltools.arm-none.win32_1.15.0.201708311556/tools/compiler/bin/../lib/gcc/arm-none-eabi/6.3.1/thumb/v7e-m/fpv4-sp/hard\libgcc.a(_udivmoddi4.o)
 .debug_frame   0x000015b0       0x2c c:/ac6/systemworkbench/plugins/fr.ac6.mcu.externaltools.arm-none.win32_1.15.0.201708311556/tools/compiler/bin/../lib/gcc/arm-none-eabi/6.3.1/../../../../arm-none-eabi/lib/thumb/v7e-m/fpv4-sp/hard\libc_nano.a(lib_a-init.o)
